[2026-08-12T00:50:44.308Z] run created (i-want-to-deepen-the-optimization-angle-here-both-in-terms-o-mspdhzo444m4, "I want to deepen the optimization angle here. both in terms of the way that we could architect it as well as some additional improvements that we might be able to do here. I've moved some extra pdfs into the papers directory so that you can see those (maybe running pdftotext or whatever), and i also have a ton more zotero pdfs around, so if there's anything that seems interesting, just lmk. don't move pdfs yourself though.")
[2026-08-12T01:54:01.204Z] recon: local-recon.org saved
[2026-08-12T01:55:25.164Z] approve: run approved (Six layers, one librarian each, parallel dispatch: 01-direct-variants (docs persona, DIRECT algorithm upgrades from the papers + analytic battery), 02-cost-path-foundation (source persona, 7 verified bugs + metric-math tests + dilation/backface contradictions), 03-measurement-apparatus (generated GPU test-infra engineer, headless Tier-0 + ablation runner + multi-stage oracle on the OptimizerRunDriver seam), 04-backend-architecture (generated C++/CUDA architect, swappable parameters+cost+backend shape), 05-compute-perf (source persona, per-eval sync removal + nvtx + GPU-CI tractability), 06-differentiable-polish (generated differentiable-rendering researcher, Modular Primitives/Laine feasibility + z-depth channel + Zotero PDF recommendations). z-axis threads distributed (depth channel in 06, metric semantics in 02). Depth: each angle grounds its recommendations in the repo's seams (driver seam, injected-cost boundary, baseline.json gates) and the measurement-first principle.)
[2026-08-12T01:55:25.171Z] slug: -> optimizer-deep-dive
[2026-08-12T01:55:25.178Z] approve: angles registered
[2026-08-12T01:56:19.289Z] angle direct-variants: -> in_progress (failCount 0)
[2026-08-12T01:56:19.302Z] angle cost-path-foundation: -> in_progress (failCount 0)
[2026-08-12T01:56:19.315Z] angle measurement-apparatus: -> in_progress (failCount 0)
[2026-08-12T01:56:19.326Z] angle backend-architecture: -> in_progress (failCount 0)
[2026-08-12T01:56:19.333Z] angle compute-perf: -> in_progress (failCount 0)
[2026-08-12T01:56:19.340Z] angle differentiable-polish: -> in_progress (failCount 0)
[2026-08-12T02:00:38.234Z] angle measurement-apparatus: -> done (angles/03-measurement-apparatus.org); phase now collecting
[2026-08-12T02:01:15.192Z] angle backend-architecture: -> done (angles/04-backend-architecture.org); phase now collecting
[2026-08-12T02:02:33.777Z] angle compute-perf: -> done (angles/05-compute-perf.org); phase now collecting
[2026-08-12T02:02:44.523Z] angle direct-variants: -> done (angles/01-direct-variants.org); phase now collecting
[2026-08-12T02:02:52.508Z] angle differentiable-polish: -> done (angles/06-differentiable-polish.org); phase now collecting
[2026-08-12T02:03:56.173Z] angle cost-path-foundation: -> done (angles/02-cost-path-foundation.org); phase now synthesizing
[2026-08-12T02:07:15.556Z] synthesize: master doc landed; run complete
[2026-08-12T13:19:35.730Z] deepen: direct-variants, cost-path-foundation, measurement-apparatus, backend-architecture re-opened (round 2+)
[2026-08-12T13:20:53.290Z] angle direct-variants: -> in_progress (failCount 0)
[2026-08-12T13:20:53.296Z] angle cost-path-foundation: -> in_progress (failCount 0)
[2026-08-12T13:20:53.301Z] angle measurement-apparatus: -> in_progress (failCount 0)
[2026-08-12T13:20:53.307Z] angle backend-architecture: -> in_progress (failCount 0)
[2026-08-12T13:27:08.823Z] angle measurement-apparatus: -> done (angles/03-measurement-apparatus.org); phase now collecting
[2026-08-12T13:28:11.203Z] angle backend-architecture: -> done (angles/04-backend-architecture.org); phase now collecting
[2026-08-12T13:33:52.764Z] angle cost-path-foundation: -> done (angles/02-cost-path-foundation.org); phase now collecting
[2026-08-12T13:35:00.890Z] angle direct-variants: -> done (angles/01-direct-variants.org); phase now synthesizing
[2026-08-12T13:41:51.597Z] synthesize: master doc landed; run complete
[2026-08-12T13:42:37.195Z] deepen: compute-perf, differentiable-polish re-opened (round 2+)
[2026-08-12T13:50:01.481Z] angle compute-perf: -> done (angles/05-compute-perf.org); phase now collecting
[2026-08-12T13:52:31.447Z] angle differentiable-polish: -> done (angles/06-differentiable-polish.org); phase now synthesizing
[2026-08-12T13:58:58.855Z] synthesize: master doc landed; run complete
[2026-08-12T16:21:03.033Z] deepen: direct-variants, cost-path-foundation, measurement-apparatus, backend-architecture re-opened (round 2+)
[2026-08-12T16:25:38.384Z] angle measurement-apparatus: -> done (angles/03-measurement-apparatus.org); phase now collecting
[2026-08-12T16:27:31.551Z] angle backend-architecture: -> done (angles/04-backend-architecture.org); phase now collecting
[2026-08-12T16:29:39.608Z] angle cost-path-foundation: -> done (angles/02-cost-path-foundation.org); phase now collecting
[2026-08-12T16:30:04.256Z] angle direct-variants: -> done (angles/01-direct-variants.org); phase now synthesizing
[2026-08-12T16:36:20.333Z] queue: synthesize
[2026-08-12T16:36:20.340Z] deliver: synthesize
[2026-08-12T16:40:58.103Z] synthesize: master doc landed; run complete
[2026-08-12T16:42:00.101Z] deepen: compute-perf, differentiable-polish re-opened (round 2+)
[2026-08-12T16:48:46.184Z] angle compute-perf: -> done (angles/05-compute-perf.org); phase now collecting
[2026-08-12T16:49:50.121Z] angle differentiable-polish: -> done (angles/06-differentiable-polish.org); phase now synthesizing
[2026-08-12T17:01:15.188Z] synthesize: master doc landed; run complete
